// Vitest Snapshot v1, https://vitest.dev/guide/snapshot.html

exports[`BoardCard.vue > Snapshot > matches snapshot for a normal board 1`] = `
"<a-card data-v-14f40d1b="" hoverable="" class="board-card" body-style="[object Object]">
  <div data-v-14f40d1b="" class="card-content">
    <h3 data-v-14f40d1b="" class="board-title">Sample Board</h3>
    <div data-v-14f40d1b="" class="board-meta">
      <div data-v-14f40d1b="" class="meta-item"><span data-v-14f40d1b="" role="img" aria-label="clock-circle" class="anticon anticon-clock-circle meta-icon"><svg focusable="false" data-icon="clock-circle" width="1em" height="1em" fill="currentColor" aria-hidden="true" viewBox="64 64 896 896"><path d="M512 64C264.6 64 64 264.6 64 512s200.6 448 448 448 448-200.6 448-448S759.4 64 512 64zm0 820c-205.4 0-372-166.6-372-372s166.6-372 372-372 372 166.6 372 372-166.6 372-372 372z"></path><path d="M686.7 638.6L544.1 535.5V288c0-4.4-3.6-8-8-8H488c-4.4 0-8 3.6-8 8v275.4c0 2.6 1.2 5 3.3 6.5l165.4 120.6c3.6 2.6 8.6 1.8 11.2-1.7l28.6-39c2.6-3.7 1.8-8.7-1.8-11.2z"></path></svg><!----></span><span data-v-14f40d1b="" class="meta-text">Недавно</span></div>
      <div data-v-14f40d1b="" class="meta-item"><span data-v-14f40d1b="" role="img" aria-label="user" class="anticon anticon-user meta-icon"><svg focusable="false" data-icon="user" width="1em" height="1em" fill="currentColor" aria-hidden="true" viewBox="64 64 896 896"><path d="M858.5 763.6a374 374 0 00-80.6-119.5 375.63 375.63 0 00-119.5-80.6c-.4-.2-.8-.3-1.2-.5C719.5 518 760 444.7 760 362c0-137-111-248-248-248S264 225 264 362c0 82.7 40.5 156 102.8 201.1-.4.2-.8.3-1.2.5-44.8 18.9-85 46-119.5 80.6a375.63 375.63 0 00-80.6 119.5A371.7 371.7 0 00136 901.8a8 8 0 008 8.2h60c4.4 0 7.9-3.5 8-7.8 2-77.2 33-149.5 87.8-204.3 56.7-56.7 132-87.9 212.2-87.9s155.5 31.2 212.2 87.9C779 752.7 810 825 812 902.2c.1 4.4 3.6 7.8 8 7.8h60a8 8 0 008-8.2c-1-47.8-10.9-94.3-29.5-138.2zM512 534c-45.9 0-89.1-17.9-121.6-50.4S340 407.9 340 362c0-45.9 17.9-89.1 50.4-121.6S466.1 190 512 190s89.1 17.9 121.6 50.4S684 316.1 684 362c0 45.9-17.9 89.1-50.4 121.6S557.9 534 512 534z"></path></svg><!----></span><span data-v-14f40d1b="" class="meta-text">Личная</span></div>
    </div>
  </div>
</a-card>"
`;
